Archive member included to satisfy reference by file (symbol)

./lib\libc.a(lib_a-memcpy-stub.o)
                              lib\rt.o (memcpy)
./lib\libc.a(lib_a-memset.o)  gameplg.o (memset)
./lib\libc.a(lib_a-strcpy.o)  gameplg.o (strcpy)
./lib\libc.a(lib_a-strlen.o)  gameplg.o (strlen)

Allocating common symbols
Common symbol       size              file

gamePluginMenu      0xc7c             gameplg.o
sdmcArchive         0x18              gameplg.o
fsUserHandle        0x4               gameplg.o
cheatEnabled        0x40              gameplg.o
threadStack         0x4000            gameplg.o

Memory Configuration

Name             Origin             Length             Attributes
*default*        0x00000000         0xffffffff

Linker script and memory map

                0x00100100                . = 0x100100
                0x00100100                . = ALIGN (0x4)

.text           0x00100100     0x2d24
                0x00100100                __text_start = .
 bootloader.o(.text*)
 .text          0x00100100       0xb0 bootloader.o
                0x00100100                _Reset
                0x0010017c                _ReturnToUser
                0x00100190                plgGetIoBase
                0x00100198                copyRemoteMemory
 *(.text*)
 .text          0x001001b0      0x7a0 gameplg.o
                0x001001b0                getKey
                0x001001d0                waitKeyUp
                0x00100200                initMenu
                0x00100218                addMenuEntry
                0x00100278                updateMenu
                0x001002f0                scanMenu
                0x00100334                addCheatMenuEntry
                0x00100360                onCheatItemChanged
                0x001004a4                increaseStat
                0x001004c0                freezeCheatValue
                0x001004e8                updateCheatEnableDisplay
                0x0010051c                scanCheatMenu
                0x00100554                initCheatMenu
                0x00100600                increaseIndvStat
                0x00100734                decreaseIndvStat
                0x0010085c                gamePluginEntry
 .text          0x00100950      0x144 lib\AC.o
                0x00100950                ACU_cmd1
                0x001009a0                ACU_cmd26
                0x00100a00                ACU_GetWifiStatus
                0x00100a38                ACU_WaitInternetConnection
 .text          0x00100a94       0x30 lib\entry.o
                0x00100a94                c_entry
                0x00100ac0                IRQHandler
 .text          0x00100ac4      0x50c lib\FS.o
                0x00100ac4                FSUSER_Initialize
                0x00100af8                FSUSER_OpenFile
                0x00100b98                FSUSER_OpenFileDirectly
                0x00100c58                FSUSER_OpenArchive
                0x00100cdc                FSUSER_OpenDirectory
                0x00100d68                FSUSER_CloseArchive
                0x00100db8                FSFILE_Close
                0x00100de8                FSFILE_Read
                0x00100e50                FSFILE_Write
                0x00100ec0                FSFILE_GetSize
                0x00100f04                FSFILE_SetSize
                0x00100f3c                FSDIR_Read
                0x00100fa0                FSDIR_Close
 .text          0x00100fd0       0x28 lib\main.o
                0x00100fd0                threadStart
 .text.startup  0x00100ff8       0x80 lib\main.o
                0x00100ff8                main
 *fill*         0x00101078        0x8 
 .text          0x00101080       0x10 lib\misc.o
                0x00101080                sleep
 .text          0x00101090       0x3c lib\OS.o
                0x00101090                OS_ConvertVaddr2Physaddr
 .text          0x001010cc       0xd4 lib\pm.o
                0x001010cc                dumpKernel
                0x001010d0                getCurrentProcessId
                0x001010f4                getCurrentProcessHandle
                0x0010115c                protectRemoteMemory
                0x00101180                protectMemory
 .text          0x001011a0      0x54c lib\rt.o
                0x001011a0                rtInitLock
                0x001011ac                rtAcquireLock
                0x001011e0                rtReleaseLock
                0x001011ec                rtAlignToPageSize
                0x001011fc                rtGetPageOfAddress
                0x00101208                rtCheckRemoteMemoryRegionSafeForWrite
                0x00101258                rtSafeCopyMemory
                0x001012b0                rtRecvSocket
                0x00101310                rtSendSocket
                0x0010136c                rtIntToPortNumber
                0x00101388                rtGetFileSize
                0x00101474                rtLoadFileToBuffer
                0x001015bc                rtGenerateJumpCode
                0x001015d4                rtFlushInstructionCache
                0x001015ec                rtInitHook
                0x00101664                rtEnableHook
                0x001016a8                rtDisableHook
 .text          0x001016ec      0x10c lib\sharedfunc.o
                0x001016ec                initSharedFunc
 .text          0x001017f8      0xef8 lib\SOC.o
                0x00101834                socu_cmd1
                0x00101884                SOC_Shutdown
                0x001018c0                SOC_Initialize
                0x00101928                SOC_GetErrno
                0x00101938                socket
                0x001019a0                closesocket
                0x00101a00                shutdown
                0x00101a64                listen
                0x00101ac8                accept
                0x00101bc4                bind
                0x00101c94                connect
                0x00101d64                socuipc_cmd7
                0x00101e80                socuipc_cmd8
                0x00101fc0                socuipc_cmd9
                0x001020d0                socuipc_cmda
                0x001021e4                recvfrom
                0x00102210                sendto
                0x0010223c                recv
                0x00102258                send
                0x00102274                getsockopt
                0x00102324                setsockopt
                0x001023ac                fcntl
                0x00102474                sockatmark
                0x001024d4                gethostid
                0x00102510                getsockname
                0x00102600                getpeername
 .text          0x001026f0      0x118 lib\srv.o
                0x001026f0                exitSrv
                0x00102708                srv_RegisterClient
                0x00102748                initSrv
                0x0010277c                srv_getServiceHandle
 .text          0x00102808       0x40 lib\stub.o
                0x00102808                showDbg
                0x00102810                nsDbgPrint
                0x00102818                plgRegisterMenuEntry
                0x00102820                plgGetSharedServiceHandle
                0x00102828                plgRequestMemory
                0x00102830                plgRegisterCallback
                0x00102838                xsprintf
                0x00102840                controlVideo
 *fill*         0x00102848        0x8 
 .text          0x00102850      0x2a0 lib\svc.o
                0x00102850                getThreadCommandBuffer
                0x0010285c                svc_controlMemory
                0x0010287c                svc_exitProcess
                0x00102884                svc_createThread
                0x001028a4                svc_exitThread
                0x001028ac                svc_sleepThread
                0x001028b4                svc_createMutex
                0x001028c8                svc_releaseMutex
                0x001028d0                svc_releaseSemaphore
                0x001028e4                svc_createEvent
                0x001028f8                svc_signalEvent
                0x00102900                svc_clearEvent
                0x00102908                svc_createMemoryBlock
                0x00102920                svc_mapMemoryBlock
                0x00102928                svc_unmapMemoryBlock
                0x00102930                svc_arbitrateAddress
                0x00102938                svc_closeHandle
                0x00102940                svc_waitSynchronization1
                0x00102948                svc_waitSynchronizationN
                0x00102968                svc_getSystemTick
                0x00102970                svc_getSystemInfo
                0x0010298c                svc_getProcessInfo
                0x001029a8                svc_connectToPort
                0x001029bc                svc_sendSyncRequest
                0x001029c4                svc_getProcessId
                0x001029d8                svc_getThreadId
                0x001029ec                svc_setThreadIdealProcessor
                0x001029f4                svc_openThread
                0x00102a08                svc_flushProcessDataCache
                0x00102a10                svc_invalidateProcessDataCache
                0x00102a18                svc_queryMemory
                0x00102a20                svc_addCodeSegment
                0x00102a28                svc_openProcess
                0x00102a3c                svc_controlProcessMemory
                0x00102a54                svc_mapProcessMemory
                0x00102a5c                svc_startInterProcessDma
                0x00102a7c                svc_getDmaState
                0x00102a90                svc_backDoor
                0x00102a98                svc_getProcessList
                0x00102aac                svc_getThreadList
                0x00102ac0                svc_getThreadContext
                0x00102ac8                svc_debugActiveProcess
                0x00102adc                svc_readProcessMemory
                0x00102ae4                svc_writeProcessMemory
 .text          0x00102af0       0xf0 ./lib\libc.a(lib_a-memcpy-stub.o)
                0x00102af0                memcpy
 .text          0x00102be0       0xf4 ./lib\libc.a(lib_a-memset.o)
                0x00102be0                memset
 .text          0x00102cd4       0xf0 ./lib\libc.a(lib_a-strcpy.o)
                0x00102cd4                strcpy
 .text          0x00102dc4       0x60 ./lib\libc.a(lib_a-strlen.o)
                0x00102dc4                strlen

.glue_7         0x00102e24        0x0
 .glue_7        0x00102e24        0x0 linker stubs

.glue_7t        0x00102e24        0x0
 .glue_7t       0x00102e24        0x0 linker stubs

.vfp11_veneer   0x00102e24        0x0
 .vfp11_veneer  0x00102e24        0x0 linker stubs

.v4_bx          0x00102e24        0x0
 .v4_bx         0x00102e24        0x0 linker stubs

.plt            0x00102e24        0x0
 .plt           0x00102e24        0x0 bootloader.o

.iplt           0x00102e24        0x0
 .iplt          0x00102e24        0x0 bootloader.o
                0x00102e24                . = ALIGN (0x4)

.data           0x00102e24       0x7c
 *(.data)
 .data          0x00102e24        0x0 bootloader.o
 .data          0x00102e24       0x78 gameplg.o
                0x00102e24                IoBasePad
                0x00102e28                incrementValue
                0x00102e2c                unequippedMarioArray
                0x00102e44                equippedMarioArray
                0x00102e64                unequippedLuigiArray
                0x00102e7c                equippedLuigiArray
 .data          0x00102e9c        0x0 lib\AC.o
 .data          0x00102e9c        0x0 lib\entry.o
 .data          0x00102e9c        0x0 lib\FS.o
 .data          0x00102e9c        0x4 lib\main.o
                0x00102e9c                socuRet
 .data          0x00102ea0        0x0 lib\misc.o
 .data          0x00102ea0        0x0 lib\OS.o
 .data          0x00102ea0        0x0 lib\pm.o
 .data          0x00102ea0        0x0 lib\rt.o
 .data          0x00102ea0        0x0 lib\sharedfunc.o
 .data          0x00102ea0        0x0 lib\SOC.o
 .data          0x00102ea0        0x0 lib\srv.o
 .data          0x00102ea0        0x0 lib\stub.o
 .data          0x00102ea0        0x0 lib\svc.o
 .data          0x00102ea0        0x0 ./lib\libc.a(lib_a-memcpy-stub.o)
 .data          0x00102ea0        0x0 ./lib\libc.a(lib_a-memset.o)
 .data          0x00102ea0        0x0 ./lib\libc.a(lib_a-strcpy.o)
 .data          0x00102ea0        0x0 ./lib\libc.a(lib_a-strlen.o)

.dynamic        0x00102ea0       0x80
 .dynamic       0x00102ea0       0x80 bootloader.o
                0x00102ea0                _DYNAMIC

.got            0x00102f20        0x0
 .got           0x00102f20        0x0 bootloader.o

.got.plt        0x00102f20        0xc
 .got.plt       0x00102f20        0xc bootloader.o
                0x00102f20                _GLOBAL_OFFSET_TABLE_

.igot.plt       0x00102f2c        0x0
 .igot.plt      0x00102f2c        0x0 bootloader.o
                0x00102f2c                . = ALIGN (0x4)
                0x00102f2c                . = ALIGN (0x4)

.rel.dyn        0x00102f2c      0x2e8
 *(.__rel_dyn_start)
 .__rel_dyn_start
                0x00102f2c        0x0 bootloader.o
 *(.rel*)
 .rel.got       0x00102f2c        0x0 bootloader.o
 .rel.plt       0x00102f2c        0x0 bootloader.o
 .rel.iplt      0x00102f2c        0x0 bootloader.o
 .rel.text      0x00102f2c      0x2c8 bootloader.o
 .rel.text.startup
                0x001031f4       0x20 bootloader.o
 *(.rel.*)
 *(.__rel_dyn_end)
 .__rel_dyn_end
                0x00103214        0x0 bootloader.o
                0x00103214                __code_end = .

.interp         0x00103214       0x11
 .interp        0x00103214       0x11 bootloader.o

.gnu.version_d  0x00103228        0x0
 .gnu.version_d
                0x00103228        0x0 bootloader.o

.gnu.version    0x00103226        0x0
 .gnu.version   0x00103226        0x0 bootloader.o

.gnu.version_r  0x00103228        0x0
 .gnu.version_r
                0x00103228        0x0 bootloader.o

.dynsym         0x00103228       0x60
 .dynsym        0x00103228       0x60 bootloader.o

.dynstr         0x00103288       0x21
 .dynstr        0x00103288       0x21 bootloader.o

.hash           0x001032ac       0x2c
 .hash          0x001032ac       0x2c bootloader.o

.rodata.str1.1  0x001032d8      0x19d
 .rodata.str1.1
                0x001032d8       0xdb gameplg.o
 .rodata.str1.1
                0x001033b3        0x5 lib\AC.o
 .rodata.str1.1
                0x001033b8       0x20 lib\main.o
 .rodata.str1.1
                0x001033d8       0x1e lib\pm.o
 .rodata.str1.1
                0x001033f6       0x74 lib\rt.o
 .rodata.str1.1
                0x0010346a        0x6 lib\SOC.o
 .rodata.str1.1
                0x00103470        0x5 lib\srv.o

.rodata         0x00103475       0x4d
 .rodata        0x00103475       0x4d lib\SOC.o
                0x001034c4                . = ALIGN (0x4)

.bss            0x001034c4     0x4cf8
 *(.__bss_start)
 .__bss_start   0x001034c4        0x0 bootloader.o
                0x001034c4                __c_bss_start
 *(.bss COMMON)
 .bss           0x001034c4        0x0 bootloader.o
 .bss           0x001034c4        0xc gameplg.o
                0x001034c4                statUsing
                0x001034c8                charUsing
                0x001034cc                isNewNtr
 COMMON         0x001034d0     0x4cd8 gameplg.o
                0x001034d0                gamePluginMenu
                0x0010414c                sdmcArchive
                0x00104164                fsUserHandle
                0x00104168                cheatEnabled
                0x001041a8                threadStack
 .bss           0x001081a8        0x0 lib\AC.o
 .bss           0x001081a8        0x0 lib\entry.o
 .bss           0x001081a8        0x0 lib\FS.o
 .bss           0x001081a8        0x0 lib\main.o
 .bss           0x001081a8        0x0 lib\misc.o
 .bss           0x001081a8        0x0 lib\OS.o
 .bss           0x001081a8        0x8 lib\pm.o
                0x001081a8                currentPid
                0x001081ac                hCurrentProcess
 .bss           0x001081b0        0x0 lib\rt.o
 .bss           0x001081b0        0x0 lib\sharedfunc.o
 .bss           0x001081b0        0x8 lib\SOC.o
                0x001081b0                SOCU_handle
 .bss           0x001081b8        0x4 lib\srv.o
                0x001081b8                srvHandle
 .bss           0x001081bc        0x0 lib\stub.o
 .bss           0x001081bc        0x0 lib\svc.o
 .bss           0x001081bc        0x0 ./lib\libc.a(lib_a-memcpy-stub.o)
 .bss           0x001081bc        0x0 ./lib\libc.a(lib_a-memset.o)
 .bss           0x001081bc        0x0 ./lib\libc.a(lib_a-strcpy.o)
 .bss           0x001081bc        0x0 ./lib\libc.a(lib_a-strlen.o)
 *(.__bss_end)
 .__bss_end     0x001081bc        0x0 bootloader.o
                0x001081bc                __c_bss_end
                0x001081bc                __end__ = .
LOAD bootloader.o
LOAD gameplg.o
LOAD lib\AC.o
LOAD lib\entry.o
LOAD lib\FS.o
LOAD lib\main.o
LOAD lib\misc.o
LOAD lib\OS.o
LOAD lib\pm.o
LOAD lib\rt.o
LOAD lib\sharedfunc.o
LOAD lib\SOC.o
LOAD lib\srv.o
LOAD lib\stub.o
LOAD lib\svc.o
LOAD ./lib\libc.a
LOAD ./lib\libgcc.a
OUTPUT(a.out elf32-littlearm)

.dynbss         0x001081bc        0x0
 .dynbss        0x001081bc        0x0 bootloader.o

.ARM.attributes
                0x00000000       0x27
 .ARM.attributes
                0x00000000       0x19 bootloader.o
 .ARM.attributes
                0x00000019       0x2b gameplg.o
 .ARM.attributes
                0x00000044       0x2b lib\AC.o
 .ARM.attributes
                0x0000006f       0x2b lib\entry.o
 .ARM.attributes
                0x0000009a       0x2b lib\FS.o
 .ARM.attributes
                0x000000c5       0x2b lib\main.o
 .ARM.attributes
                0x000000f0       0x19 lib\misc.o
 .ARM.attributes
                0x00000109       0x2b lib\OS.o
 .ARM.attributes
                0x00000134       0x2b lib\pm.o
 .ARM.attributes
                0x0000015f       0x2b lib\rt.o
 .ARM.attributes
                0x0000018a       0x2b lib\sharedfunc.o
 .ARM.attributes
                0x000001b5       0x2b lib\SOC.o
 .ARM.attributes
                0x000001e0       0x2b lib\srv.o
 .ARM.attributes
                0x0000020b       0x19 lib\stub.o
 .ARM.attributes
                0x00000224       0x19 lib\svc.o
 .ARM.attributes
                0x0000023d       0x30 ./lib\libc.a(lib_a-memcpy-stub.o)
 .ARM.attributes
                0x0000026d       0x30 ./lib\libc.a(lib_a-memset.o)
 .ARM.attributes
                0x0000029d       0x30 ./lib\libc.a(lib_a-strcpy.o)
 .ARM.attributes
                0x000002cd       0x30 ./lib\libc.a(lib_a-strlen.o)

.comment        0x00000000       0x44
 .comment       0x00000000       0x22 gameplg.o
                                 0x23 (size before relaxing)
 .comment       0x00000022       0x22 lib\AC.o
                                 0x23 (size before relaxing)
 .comment       0x00000044       0x23 lib\entry.o
 .comment       0x00000044       0x23 lib\FS.o
 .comment       0x00000044       0x23 lib\main.o
 .comment       0x00000044       0x23 lib\OS.o
 .comment       0x00000044       0x23 lib\pm.o
 .comment       0x00000044       0x23 lib\rt.o
 .comment       0x00000044       0x23 lib\sharedfunc.o
 .comment       0x00000044       0x23 lib\SOC.o
 .comment       0x00000044       0x23 lib\srv.o
 .comment       0x00000044       0x23 ./lib\libc.a(lib_a-memcpy-stub.o)
 .comment       0x00000044       0x23 ./lib\libc.a(lib_a-memset.o)
 .comment       0x00000044       0x23 ./lib\libc.a(lib_a-strcpy.o)
 .comment       0x00000044       0x23 ./lib\libc.a(lib_a-strlen.o)

.debug_info     0x00000000     0x46fb
 .debug_info    0x00000000      0xb78 gameplg.o
 .debug_info    0x00000b78      0x368 lib\AC.o
 .debug_info    0x00000ee0      0x11f lib\entry.o
 .debug_info    0x00000fff      0x8a9 lib\FS.o
 .debug_info    0x000018a8      0x3ed lib\main.o
 .debug_info    0x00001c95       0xc0 lib\OS.o
 .debug_info    0x00001d55      0x335 lib\pm.o
 .debug_info    0x0000208a      0xc82 lib\rt.o
 .debug_info    0x00002d0c      0x335 lib\sharedfunc.o
 .debug_info    0x00003041     0x13dc lib\SOC.o
 .debug_info    0x0000441d      0x2de lib\srv.o

.debug_abbrev   0x00000000     0x11b2
 .debug_abbrev  0x00000000      0x2d2 gameplg.o
 .debug_abbrev  0x000002d2      0x13f lib\AC.o
 .debug_abbrev  0x00000411       0xcc lib\entry.o
 .debug_abbrev  0x000004dd      0x144 lib\FS.o
 .debug_abbrev  0x00000621      0x1ad lib\main.o
 .debug_abbrev  0x000007ce       0x6d lib\OS.o
 .debug_abbrev  0x0000083b      0x15f lib\pm.o
 .debug_abbrev  0x0000099a      0x2aa lib\rt.o
 .debug_abbrev  0x00000c44       0xfb lib\sharedfunc.o
 .debug_abbrev  0x00000d3f      0x304 lib\SOC.o
 .debug_abbrev  0x00001043      0x16f lib\srv.o

.debug_loc      0x00000000     0x2cb6
 .debug_loc     0x00000000      0x406 gameplg.o
 .debug_loc     0x00000406      0x1cc lib\AC.o
 .debug_loc     0x000005d2       0x34 lib\entry.o
 .debug_loc     0x00000606      0x7db lib\FS.o
 .debug_loc     0x00000de1       0x76 lib\main.o
 .debug_loc     0x00000e57       0x5c lib\OS.o
 .debug_loc     0x00000eb3       0xfa lib\pm.o
 .debug_loc     0x00000fad      0x6b8 lib\rt.o
 .debug_loc     0x00001665     0x152b lib\SOC.o
 .debug_loc     0x00002b90      0x126 lib\srv.o

.debug_aranges  0x00000000      0x168
 .debug_aranges
                0x00000000       0x20 gameplg.o
 .debug_aranges
                0x00000020       0x20 lib\AC.o
 .debug_aranges
                0x00000040       0x20 lib\entry.o
 .debug_aranges
                0x00000060       0x20 lib\FS.o
 .debug_aranges
                0x00000080       0x28 lib\main.o
 .debug_aranges
                0x000000a8       0x20 lib\OS.o
 .debug_aranges
                0x000000c8       0x20 lib\pm.o
 .debug_aranges
                0x000000e8       0x20 lib\rt.o
 .debug_aranges
                0x00000108       0x20 lib\sharedfunc.o
 .debug_aranges
                0x00000128       0x20 lib\SOC.o
 .debug_aranges
                0x00000148       0x20 lib\srv.o

.debug_line     0x00000000     0x132a
 .debug_line    0x00000000      0x204 gameplg.o
 .debug_line    0x00000204      0x12e lib\AC.o
 .debug_line    0x00000332       0xe1 lib\entry.o
 .debug_line    0x00000413      0x1d0 lib\FS.o
 .debug_line    0x000005e3      0x155 lib\main.o
 .debug_line    0x00000738       0xed lib\OS.o
 .debug_line    0x00000825      0x120 lib\pm.o
 .debug_line    0x00000945      0x27f lib\rt.o
 .debug_line    0x00000bc4      0x102 lib\sharedfunc.o
 .debug_line    0x00000cc6      0x4ed lib\SOC.o
 .debug_line    0x000011b3      0x177 lib\srv.o

.debug_str      0x00000000      0xe23
 .debug_str     0x00000000      0x542 gameplg.o
                                0x623 (size before relaxing)
 .debug_str     0x00000542      0x112 lib\AC.o
                                0x1e9 (size before relaxing)
 .debug_str     0x00000654       0x3c lib\entry.o
                                0x14a (size before relaxing)
 .debug_str     0x00000690      0x163 lib\FS.o
                                0x367 (size before relaxing)
 .debug_str     0x000007f3       0xb8 lib\main.o
                                0x2a1 (size before relaxing)
 .debug_str     0x000008ab       0x33 lib\OS.o
                                0x123 (size before relaxing)
 .debug_str     0x000008de       0xb0 lib\pm.o
                                0x229 (size before relaxing)
 .debug_str     0x0000098e      0x1f4 lib\rt.o
                                0x4f0 (size before relaxing)
 .debug_str     0x00000b82       0x1e lib\sharedfunc.o
                                0x22f (size before relaxing)
 .debug_str     0x00000ba0      0x240 lib\SOC.o
                                0x420 (size before relaxing)
 .debug_str     0x00000de0       0x43 lib\srv.o
                                0x1e1 (size before relaxing)

.debug_frame    0x00000000      0xa88
 .debug_frame   0x00000000      0x16c gameplg.o
 .debug_frame   0x0000016c       0x8c lib\AC.o
 .debug_frame   0x000001f8       0x30 lib\entry.o
 .debug_frame   0x00000228      0x1ac lib\FS.o
 .debug_frame   0x000003d4       0x48 lib\main.o
 .debug_frame   0x0000041c       0x20 lib\OS.o
 .debug_frame   0x0000043c       0x90 lib\pm.o
 .debug_frame   0x000004cc      0x1a8 lib\rt.o
 .debug_frame   0x00000674       0x2c lib\sharedfunc.o
 .debug_frame   0x000006a0      0x370 lib\SOC.o
 .debug_frame   0x00000a10       0x78 lib\srv.o

.debug_ranges   0x00000000       0x68
 .debug_ranges  0x00000000       0x18 lib\main.o
 .debug_ranges  0x00000018       0x50 lib\rt.o
